16:29:40 **** Incremental Build of configuration Debug for project 12_LED ****
make -j8 all 
arm-none-eabi-gcc "../Core/Src/main.c" -mcpu=cortex-m3 -std=gnu11 -g3 -DDEBUG -DUSE_HAL_DRIVER -DSTM32F103x6 -c -I../Core/Inc -I../Drivers/STM32F1xx_HAL_Driver/Inc -I../Drivers/STM32F1xx_HAL_Driver/Inc/Legacy -I../Drivers/CMSIS/Device/ST/STM32F1xx/Include -I../Drivers/CMSIS/Include -O0 -ffunction-sections -fdata-sections -Wall -fstack-usage -MMD -MP -MF"Core/Src/main.d" -MT"Core/Src/main.o" --specs=nano.specs -mfloat-abi=soft -mthumb -o "Core/Src/main.o"
arm-none-eabi-gcc -o "12_LED.elf" @"objects.list"   -mcpu=cortex-m3 -T"C:\MCU\Lab1\Ex6\STM\12_LED\STM32F103C6UX_FLASH.ld" --specs=nosys.specs -Wl,-Map="12_LED.map" -Wl,--gc-sections -static --specs=nano.specs -mfloat-abi=soft -mthumb -Wl,--start-group -lc -lm -Wl,--end-group
Finished building target: 12_LED.elf
 
arm-none-eabi-size   12_LED.elf 
arm-none-eabi-objdump -h -S  12_LED.elf  > "12_LED.list"
arm-none-eabi-objcopy  -O ihex  12_LED.elf  "12_LED.hex"
arm-none-eabi-objcopy  -O binary  12_LED.elf  "12_LED.bin"
   text	   data	    bss	    dec	    hex	filename
   6304	     20	   1572	   7896	   1ed8	12_LED.elf
Finished building: default.size.stdout
 
Finished building: 12_LED.hex
Finished building: 12_LED.bin
 
 
Finished building: 12_LED.list
 

16:29:41 Build Finished. 0 errors, 0 warnings. (took 986ms)

