21:59:20 **** Incremental Build of configuration Debug for project CLOCK ****
make -j8 all 
arm-none-eabi-gcc "../Core/Src/main.c" -mcpu=cortex-m3 -std=gnu11 -g3 -DDEBUG -DUSE_HAL_DRIVER -DSTM32F103x6 -c -I../Core/Inc -I../Drivers/STM32F1xx_HAL_Driver/Inc -I../Drivers/STM32F1xx_HAL_Driver/Inc/Legacy -I../Drivers/CMSIS/Device/ST/STM32F1xx/Include -I../Drivers/CMSIS/Include -O0 -ffunction-sections -fdata-sections -Wall -fstack-usage -MMD -MP -MF"Core/Src/main.d" -MT"Core/Src/main.o" --specs=nano.specs -mfloat-abi=soft -mthumb -o "Core/Src/main.o"
../Core/Src/main.c:148:8: warning: 'clearNumberOnClock' defined but not used [-Wunused-function]
  148 |   void clearNumberOnClock(int num){
      |        ^~~~~~~~~~~~~~~~~~
arm-none-eabi-gcc -o "CLOCK.elf" @"objects.list"   -mcpu=cortex-m3 -T"C:\MCU\Lab1\Ex10\STM\CLOCK\STM32F103C6UX_FLASH.ld" --specs=nosys.specs -Wl,-Map="CLOCK.map" -Wl,--gc-sections -static --specs=nano.specs -mfloat-abi=soft -mthumb -Wl,--start-group -lc -lm -Wl,--end-group
Finished building target: CLOCK.elf
 
arm-none-eabi-size   CLOCK.elf 
arm-none-eabi-objdump -h -S  CLOCK.elf  > "CLOCK.list"
arm-none-eabi-objcopy  -O ihex  CLOCK.elf  "CLOCK.hex"
arm-none-eabi-objcopy  -O binary  CLOCK.elf  "CLOCK.bin"
   text	   data	    bss	    dec	    hex	filename
   5152	     20	   1572	   6744	   1a58	CLOCK.elf
Finished building: default.size.stdout
 
Finished building: CLOCK.bin
Finished building: CLOCK.hex
 
Finished building: CLOCK.list
 
 
