19:11:52 **** Incremental Build of configuration Debug for project FOUR_7SEGS ****
make -j8 all 
arm-none-eabi-gcc "../Core/Src/main.c" -mcpu=cortex-m3 -std=gnu11 -g3 -DDEBUG -DUSE_HAL_DRIVER -DSTM32F103x6 -c -I../Core/Inc -I../Drivers/STM32F1xx_HAL_Driver/Inc -I../Drivers/STM32F1xx_HAL_Driver/Inc/Legacy -I../Drivers/CMSIS/Device/ST/STM32F1xx/Include -I../Drivers/CMSIS/Include -O0 -ffunction-sections -fdata-sections -Wall -fstack-usage -MMD -MP -MF"Core/Src/main.d" -MT"Core/Src/main.o" --specs=nano.specs -mfloat-abi=soft -mthumb -o "Core/Src/main.o"
arm-none-eabi-gcc -o "FOUR_7SEGS.elf" @"objects.list"   -mcpu=cortex-m3 -T"C:\GIT Projects\MCU TEST\Lab2\Ex2\STM\FOUR_7SEGS\STM32F103C6UX_FLASH.ld" --specs=nosys.specs -Wl,-Map="FOUR_7SEGS.map" -Wl,--gc-sections -static --specs=nano.specs -mfloat-abi=soft -mthumb -Wl,--start-group -lc -lm -Wl,--end-group
Finished building target: FOUR_7SEGS.elf
 
arm-none-eabi-size   FOUR_7SEGS.elf 
arm-none-eabi-objdump -h -S  FOUR_7SEGS.elf  > "FOUR_7SEGS.list"
arm-none-eabi-objcopy  -O ihex  FOUR_7SEGS.elf  "FOUR_7SEGS.hex"
   text	   data	    bss	    dec	    hex	filename
   8020	     28	   1644	   9692	   25dc	FOUR_7SEGS.elf
arm-none-eabi-objcopy  -O binary  FOUR_7SEGS.elf  "FOUR_7SEGS.bin"
Finished building: default.size.stdout
 
Finished building: FOUR_7SEGS.hex
Finished building: FOUR_7SEGS.bin
 
 
Finished building: FOUR_7SEGS.list
 
