19:08:50 **** Incremental Build of configuration Debug for project ONE_LED_OFF ****
make -j8 all 
arm-none-eabi-gcc "../Core/Src/main.c" -mcpu=cortex-m3 -std=gnu11 -g3 -DDEBUG -DUSE_HAL_DRIVER -DSTM32F103x6 -c -I../Core/Inc -I../Drivers/STM32F1xx_HAL_Driver/Inc -I../Drivers/STM32F1xx_HAL_Driver/Inc/Legacy -I../Drivers/CMSIS/Device/ST/STM32F1xx/Include -I../Drivers/CMSIS/Include -O0 -ffunction-sections -fdata-sections -Wall -fstack-usage -MMD -MP -MF"Core/Src/main.d" -MT"Core/Src/main.o" --specs=nano.specs -mfloat-abi=soft -mthumb -o "Core/Src/main.o"
arm-none-eabi-gcc -o "ONE_LED_OFF.elf" @"objects.list"   -mcpu=cortex-m3 -T"C:\MCU\Lab1\Ex9\STM\ONE_LED_OFF\STM32F103C6UX_FLASH.ld" --specs=nosys.specs -Wl,-Map="ONE_LED_OFF.map" -Wl,--gc-sections -static --specs=nano.specs -mfloat-abi=soft -mthumb -Wl,--start-group -lc -lm -Wl,--end-group
Finished building target: ONE_LED_OFF.elf
 
arm-none-eabi-size   ONE_LED_OFF.elf 
arm-none-eabi-objdump -h -S  ONE_LED_OFF.elf  > "ONE_LED_OFF.list"
arm-none-eabi-objcopy  -O ihex  ONE_LED_OFF.elf  "ONE_LED_OFF.hex"
arm-none-eabi-objcopy  -O binary  ONE_LED_OFF.elf  "ONE_LED_OFF.bin"
   text	   data	    bss	    dec	    hex	filename
   5056	     20	   1572	   6648	   19f8	ONE_LED_OFF.elf
Finished building: default.size.stdout
 
Finished building: ONE_LED_OFF.hex
Finished building: ONE_LED_OFF.bin
 
 
Finished building: ONE_LED_OFF.list
 

19:08:51 Build Finished. 0 errors, 0 warnings. (took 866ms)

