15:37:41 **** Incremental Build of configuration Debug for project LED_OFF ****
make -j8 all 
arm-none-eabi-gcc "../Core/Src/main.c" -mcpu=cortex-m3 -std=gnu11 -g3 -DDEBUG -DUSE_HAL_DRIVER -DSTM32F103x6 -c -I../Core/Inc -I../Drivers/STM32F1xx_HAL_Driver/Inc -I../Drivers/STM32F1xx_HAL_Driver/Inc/Legacy -I../Drivers/CMSIS/Device/ST/STM32F1xx/Include -I../Drivers/CMSIS/Include -O0 -ffunction-sections -fdata-sections -Wall -fstack-usage -MMD -MP -MF"Core/Src/main.d" -MT"Core/Src/main.o" --specs=nano.specs -mfloat-abi=soft -mthumb -o "Core/Src/main.o"
arm-none-eabi-gcc -o "LED_OFF.elf" @"objects.list"   -mcpu=cortex-m3 -T"C:\MCU\Lab1\Ex7\STM\LED_OFF\STM32F103C6UX_FLASH.ld" --specs=nosys.specs -Wl,-Map="LED_OFF.map" -Wl,--gc-sections -static --specs=nano.specs -mfloat-abi=soft -mthumb -Wl,--start-group -lc -lm -Wl,--end-group
Finished building target: LED_OFF.elf
 
arm-none-eabi-size   LED_OFF.elf 
arm-none-eabi-objdump -h -S  LED_OFF.elf  > "LED_OFF.list"
arm-none-eabi-objcopy  -O ihex  LED_OFF.elf  "LED_OFF.hex"
arm-none-eabi-objcopy  -O binary  LED_OFF.elf  "LED_OFF.bin"
   text	   data	    bss	    dec	    hex	filename
   4956	     20	   1572	   6548	   1994	LED_OFF.elf
Finished building: default.size.stdout
 
Finished building: LED_OFF.hex
Finished building: LED_OFF.bin
Finished building: LED_OFF.list
 
 
 

15:37:42 Build Finished. 0 errors, 0 warnings. (took 997ms)

